cargo :     Updating crates.io index
所在位置 行:1 字符: 63
+ ... er_task_A\AI_solo_coder_task_A_079\backend ; cargo build 2>&1 | Out-F ...
+                                                  ~~~~~~~~~~~~~~~~
    + CategoryInfo          : NotSpecified: (    Updating crates.io index:String) 
    [], RemoteException
    + FullyQualifiedErrorId : NativeCommandError
 
     Locking 10 packages to latest compatible versions
      Adding aho-corasick v1.1.4
      Adding matchers v0.2.0
      Adding nu-ansi-term v0.50.3
      Adding regex-automata v0.4.14
      Adding regex-syntax v0.8.11
      Adding sharded-slab v0.1.7
      Adding thread_local v1.1.9
      Adding tracing-log v0.2.0
      Adding tracing-subscriber v0.3.23
      Adding valuable v0.1.1
 Downloading crates ...
  Downloaded windows-sys v0.48.0
  Downloaded libsqlite3-sys v0.27.0
    Blocking waiting for file lock on package cache
   Compiling proc-macro2 v1.0.106
   Compiling unicode-ident v1.0.24
   Compiling quote v1.0.45
   Compiling cfg-if v1.0.4
   Compiling windows-link v0.2.1
   Compiling version_check v0.9.5
   Compiling autocfg v1.5.1
   Compiling pin-project-lite v0.2.17
   Compiling stable_deref_trait v1.2.1
   Compiling futures-core v0.3.32
   Compiling once_cell v1.21.4
   Compiling parking_lot_core v0.9.12
   Compiling typenum v1.20.1
   Compiling bytes v1.11.1
   Compiling scopeguard v1.2.0
   Compiling smallvec v1.15.1
   Compiling itoa v1.0.18
   Compiling litemap v0.8.2
   Compiling lock_api v0.4.14
   Compiling writeable v0.6.3
   Compiling windows-sys v0.61.2
   Compiling icu_normalizer_data v2.2.0
   Compiling subtle v2.6.1
   Compiling utf8_iter v1.0.4
   Compiling icu_properties_data v2.2.0
error: linker `link.exe` not found
  |
  = note: program not found

note: the msvc targets depend on the msvc linker but `link.exe` was not found

note: please ensure that Visual Studio 2017 or later, or Build Tools for Visual St
udio were installed with the Visual C++ option

note: VS Code is a different product, and is not sufficient

error: could not compile `icu_normalizer_data` (build script) due to 1 previous er
ror
warning: build failed, waiting for other jobs to finish...
error: could not compile `parking_lot_core` (build script) due to 1 previous error
error: could not compile `quote` (build script) due to 1 previous error
error: could not compile `icu_properties_data` (build script) due to 1 previous er
ror
error: could not compile `proc-macro2` (build script) due to 1 previous error
